﻿
Running 8 tests using 8 workers

[1A[2K[1/8] [chromium] 窶ｺ tests\snake.spec.js:63:3 窶ｺ Snake Class (White-box) 窶ｺ setDirection() ignores 180-degree turns
[1A[2K[2/8] [chromium] 窶ｺ tests\food.spec.js:8:3 窶ｺ Food Class (White-box) 窶ｺ should spawn within tile bounds on randomize()
[1A[2K[3/8] [chromium] 窶ｺ tests\snake.spec.js:48:3 窶ｺ Snake Class (White-box) 窶ｺ setDirection() correctly queues direction change
[1A[2K[4/8] [chromium] 窶ｺ tests\food.spec.js:29:3 窶ｺ Food Class (White-box) 窶ｺ should not spawn on top of existing snake segments
[1A[2K  1) [chromium] 窶ｺ tests\snake.spec.js:63:3 窶ｺ Snake Class (White-box) 窶ｺ setDirection() ignores 180-degree turns 

    Error: browserType.launch: Executable doesn't exist at C:\Users\xdays\AppData\Local\ms-playwright\chromium_headless_shell-1208\chrome-headless-shell-win64\chrome-headless-shell.exe
    笊披武笊絶武笊絶武笊絶武笊絶武笊絶武笊絶武笊絶武笊絶武笊絶武笊絶武笊絶武笊絶武笊絶武笊絶武笊絶武笊絶武笊絶武笊絶武笊絶武笊絶武笊絶武笊絶武笊絶武笊絶武笊絶武笊絶武笊絶武笊絶武笊絶武笊絶武笊絶武笊絶武笊絶武笊絶武笊絶武笊絶武笊・    笊・Looks like Playwright Test or Playwright was just installed or updated. 笊・    笊・Please run the following command to download new browsers:              笊・    笊・                                                                        笊・    笊・    npx playwright install                                              笊・    笊・                                                                        笊・    笊・<3 Playwright Team                                                      笊・    笊壺武笊絶武笊絶武笊絶武笊絶武笊絶武笊絶武笊絶武笊絶武笊絶武笊絶武笊絶武笊絶武笊絶武笊絶武笊絶武笊絶武笊絶武笊絶武笊絶武笊絶武笊絶武笊絶武笊絶武笊絶武笊絶武笊絶武笊絶武笊絶武笊絶武笊絶武笊絶武笊絶武笊絶武笊絶武笊絶武笊絶武笊・

[1A[2K[5/8] [chromium] 窶ｺ tests\snake.spec.js:9:3 窶ｺ Snake Class (White-box) 窶ｺ should initialize correctly
[1A[2K  2) [chromium] 窶ｺ tests\snake.spec.js:48:3 窶ｺ Snake Class (White-box) 窶ｺ setDirection() correctly queues direction change 

    Error: browserType.launch: Executable doesn't exist at C:\Users\xdays\AppData\Local\ms-playwright\chromium_headless_shell-1208\chrome-headless-shell-win64\chrome-headless-shell.exe
    笊披武笊絶武笊絶武笊絶武笊絶武笊絶武笊絶武笊絶武笊絶武笊絶武笊絶武笊絶武笊絶武笊絶武笊絶武笊絶武笊絶武笊絶武笊絶武笊絶武笊絶武笊絶武笊絶武笊絶武笊絶武笊絶武笊絶武笊絶武笊絶武笊絶武笊絶武笊絶武笊絶武笊絶武笊絶武笊絶武笊絶武笊・    笊・Looks like Playwright Test or Playwright was just installed or updated. 笊・    笊・Please run the following command to download new browsers:              笊・    笊・                                                                        笊・    笊・    npx playwright install                                              笊・    笊・                                                                        笊・    笊・<3 Playwright Team                                                      笊・    笊壺武笊絶武笊絶武笊絶武笊絶武笊絶武笊絶武笊絶武笊絶武笊絶武笊絶武笊絶武笊絶武笊絶武笊絶武笊絶武笊絶武笊絶武笊絶武笊絶武笊絶武笊絶武笊絶武笊絶武笊絶武笊絶武笊絶武笊絶武笊絶武笊絶武笊絶武笊絶武笊絶武笊絶武笊絶武笊絶武笊絶武笊・

[1A[2K[6/8] [chromium] 窶ｺ tests\snake.spec.js:108:3 窶ｺ Snake Class (White-box) 窶ｺ checkSelfCollision() detects self collision
[1A[2K  3) [chromium] 窶ｺ tests\food.spec.js:8:3 窶ｺ Food Class (White-box) 窶ｺ should spawn within tile bounds on randomize() 

    Error: browserType.launch: Executable doesn't exist at C:\Users\xdays\AppData\Local\ms-playwright\chromium_headless_shell-1208\chrome-headless-shell-win64\chrome-headless-shell.exe
    笊披武笊絶武笊絶武笊絶武笊絶武笊絶武笊絶武笊絶武笊絶武笊絶武笊絶武笊絶武笊絶武笊絶武笊絶武笊絶武笊絶武笊絶武笊絶武笊絶武笊絶武笊絶武笊絶武笊絶武笊絶武笊絶武笊絶武笊絶武笊絶武笊絶武笊絶武笊絶武笊絶武笊絶武笊絶武笊絶武笊絶武笊・    笊・Looks like Playwright Test or Playwright was just installed or updated. 笊・    笊・Please run the following command to download new browsers:              笊・    笊・                                                                        笊・    笊・    npx playwright install                                              笊・    笊・                                                                        笊・    笊・<3 Playwright Team                                                      笊・    笊壺武笊絶武笊絶武笊絶武笊絶武笊絶武笊絶武笊絶武笊絶武笊絶武笊絶武笊絶武笊絶武笊絶武笊絶武笊絶武笊絶武笊絶武笊絶武笊絶武笊絶武笊絶武笊絶武笊絶武笊絶武笊絶武笊絶武笊絶武笊絶武笊絶武笊絶武笊絶武笊絶武笊絶武笊絶武笊絶武笊絶武笊・

[1A[2K  4) [chromium] 窶ｺ tests\snake.spec.js:108:3 窶ｺ Snake Class (White-box) 窶ｺ checkSelfCollision() detects self collision 

    Error: browserType.launch: Executable doesn't exist at C:\Users\xdays\AppData\Local\ms-playwright\chromium_headless_shell-1208\chrome-headless-shell-win64\chrome-headless-shell.exe
    笊披武笊絶武笊絶武笊絶武笊絶武笊絶武笊絶武笊絶武笊絶武笊絶武笊絶武笊絶武笊絶武笊絶武笊絶武笊絶武笊絶武笊絶武笊絶武笊絶武笊絶武笊絶武笊絶武笊絶武笊絶武笊絶武笊絶武笊絶武笊絶武笊絶武笊絶武笊絶武笊絶武笊絶武笊絶武笊絶武笊絶武笊・    笊・Looks like Playwright Test or Playwright was just installed or updated. 笊・    笊・Please run the following command to download new browsers:              笊・    笊・                                                                        笊・    笊・    npx playwright install                                              笊・    笊・                                                                        笊・    笊・<3 Playwright Team                                                      笊・    笊壺武笊絶武笊絶武笊絶武笊絶武笊絶武笊絶武笊絶武笊絶武笊絶武笊絶武笊絶武笊絶武笊絶武笊絶武笊絶武笊絶武笊絶武笊絶武笊絶武笊絶武笊絶武笊絶武笊絶武笊絶武笊絶武笊絶武笊絶武笊絶武笊絶武笊絶武笊絶武笊絶武笊絶武笊絶武笊絶武笊絶武笊・

[1A[2K  5) [chromium] 窶ｺ tests\food.spec.js:29:3 窶ｺ Food Class (White-box) 窶ｺ should not spawn on top of existing snake segments 

    Error: browserType.launch: Executable doesn't exist at C:\Users\xdays\AppData\Local\ms-playwright\chromium_headless_shell-1208\chrome-headless-shell-win64\chrome-headless-shell.exe
    笊披武笊絶武笊絶武笊絶武笊絶武笊絶武笊絶武笊絶武笊絶武笊絶武笊絶武笊絶武笊絶武笊絶武笊絶武笊絶武笊絶武笊絶武笊絶武笊絶武笊絶武笊絶武笊絶武笊絶武笊絶武笊絶武笊絶武笊絶武笊絶武笊絶武笊絶武笊絶武笊絶武笊絶武笊絶武笊絶武笊絶武笊・    笊・Looks like Playwright Test or Playwright was just installed or updated. 笊・    笊・Please run the following command to download new browsers:              笊・    笊・                                                                        笊・    笊・    npx playwright install                                              笊・    笊・                                                                        笊・    笊・<3 Playwright Team                                                      笊・    笊壺武笊絶武笊絶武笊絶武笊絶武笊絶武笊絶武笊絶武笊絶武笊絶武笊絶武笊絶武笊絶武笊絶武笊絶武笊絶武笊絶武笊絶武笊絶武笊絶武笊絶武笊絶武笊絶武笊絶武笊絶武笊絶武笊絶武笊絶武笊絶武笊絶武笊絶武笊絶武笊絶武笊絶武笊絶武笊絶武笊絶武笊・

[1A[2K[7/8] [chromium] 窶ｺ tests\snake.spec.js:81:3 窶ｺ Snake Class (White-box) 窶ｺ checkWallCollision() detects collisions properly
[1A[2K  6) [chromium] 窶ｺ tests\snake.spec.js:9:3 窶ｺ Snake Class (White-box) 窶ｺ should initialize correctly 笏笏

    Error: browserType.launch: Executable doesn't exist at C:\Users\xdays\AppData\Local\ms-playwright\chromium_headless_shell-1208\chrome-headless-shell-win64\chrome-headless-shell.exe
    笊披武笊絶武笊絶武笊絶武笊絶武笊絶武笊絶武笊絶武笊絶武笊絶武笊絶武笊絶武笊絶武笊絶武笊絶武笊絶武笊絶武笊絶武笊絶武笊絶武笊絶武笊絶武笊絶武笊絶武笊絶武笊絶武笊絶武笊絶武笊絶武笊絶武笊絶武笊絶武笊絶武笊絶武笊絶武笊絶武笊絶武笊・    笊・Looks like Playwright Test or Playwright was just installed or updated. 笊・    笊・Please run the following command to download new browsers:              笊・    笊・                                                                        笊・    笊・    npx playwright install                                              笊・    笊・                                                                        笊・    笊・<3 Playwright Team                                                      笊・    笊壺武笊絶武笊絶武笊絶武笊絶武笊絶武笊絶武笊絶武笊絶武笊絶武笊絶武笊絶武笊絶武笊絶武笊絶武笊絶武笊絶武笊絶武笊絶武笊絶武笊絶武笊絶武笊絶武笊絶武笊絶武笊絶武笊絶武笊絶武笊絶武笊絶武笊絶武笊絶武笊絶武笊絶武笊絶武笊絶武笊絶武笊・

[1A[2K[8/8] [chromium] 窶ｺ tests\snake.spec.js:26:3 窶ｺ Snake Class (White-box) 窶ｺ update() and popTail() handle movement
[1A[2K  7) [chromium] 窶ｺ tests\snake.spec.js:81:3 窶ｺ Snake Class (White-box) 窶ｺ checkWallCollision() detects collisions properly 

    Error: browserType.launch: Executable doesn't exist at C:\Users\xdays\AppData\Local\ms-playwright\chromium_headless_shell-1208\chrome-headless-shell-win64\chrome-headless-shell.exe
    笊披武笊絶武笊絶武笊絶武笊絶武笊絶武笊絶武笊絶武笊絶武笊絶武笊絶武笊絶武笊絶武笊絶武笊絶武笊絶武笊絶武笊絶武笊絶武笊絶武笊絶武笊絶武笊絶武笊絶武笊絶武笊絶武笊絶武笊絶武笊絶武笊絶武笊絶武笊絶武笊絶武笊絶武笊絶武笊絶武笊絶武笊・    笊・Looks like Playwright Test or Playwright was just installed or updated. 笊・    笊・Please run the following command to download new browsers:              笊・    笊・                                                                        笊・    笊・    npx playwright install                                              笊・    笊・                                                                        笊・    笊・<3 Playwright Team                                                      笊・    笊壺武笊絶武笊絶武笊絶武笊絶武笊絶武笊絶武笊絶武笊絶武笊絶武笊絶武笊絶武笊絶武笊絶武笊絶武笊絶武笊絶武笊絶武笊絶武笊絶武笊絶武笊絶武笊絶武笊絶武笊絶武笊絶武笊絶武笊絶武笊絶武笊絶武笊絶武笊絶武笊絶武笊絶武笊絶武笊絶武笊絶武笊・

[1A[2K  8) [chromium] 窶ｺ tests\snake.spec.js:26:3 窶ｺ Snake Class (White-box) 窶ｺ update() and popTail() handle movement 

    Error: browserType.launch: Executable doesn't exist at C:\Users\xdays\AppData\Local\ms-playwright\chromium_headless_shell-1208\chrome-headless-shell-win64\chrome-headless-shell.exe
    笊披武笊絶武笊絶武笊絶武笊絶武笊絶武笊絶武笊絶武笊絶武笊絶武笊絶武笊絶武笊絶武笊絶武笊絶武笊絶武笊絶武笊絶武笊絶武笊絶武笊絶武笊絶武笊絶武笊絶武笊絶武笊絶武笊絶武笊絶武笊絶武笊絶武笊絶武笊絶武笊絶武笊絶武笊絶武笊絶武笊絶武笊・    笊・Looks like Playwright Test or Playwright was just installed or updated. 笊・    笊・Please run the following command to download new browsers:              笊・    笊・                                                                        笊・    笊・    npx playwright install                                              笊・    笊・                                                                        笊・    笊・<3 Playwright Team                                                      笊・    笊壺武笊絶武笊絶武笊絶武笊絶武笊絶武笊絶武笊絶武笊絶武笊絶武笊絶武笊絶武笊絶武笊絶武笊絶武笊絶武笊絶武笊絶武笊絶武笊絶武笊絶武笊絶武笊絶武笊絶武笊絶武笊絶武笊絶武笊絶武笊絶武笊絶武笊絶武笊絶武笊絶武笊絶武笊絶武笊絶武笊絶武笊・

[1A[2K  8 failed
    [chromium] 窶ｺ tests\food.spec.js:8:3 窶ｺ Food Class (White-box) 窶ｺ should spawn within tile bounds on randomize() 
    [chromium] 窶ｺ tests\food.spec.js:29:3 窶ｺ Food Class (White-box) 窶ｺ should not spawn on top of existing snake segments 
    [chromium] 窶ｺ tests\snake.spec.js:9:3 窶ｺ Snake Class (White-box) 窶ｺ should initialize correctly 笏笏笏
    [chromium] 窶ｺ tests\snake.spec.js:26:3 窶ｺ Snake Class (White-box) 窶ｺ update() and popTail() handle movement 
    [chromium] 窶ｺ tests\snake.spec.js:48:3 窶ｺ Snake Class (White-box) 窶ｺ setDirection() correctly queues direction change 
    [chromium] 窶ｺ tests\snake.spec.js:63:3 窶ｺ Snake Class (White-box) 窶ｺ setDirection() ignores 180-degree turns 
    [chromium] 窶ｺ tests\snake.spec.js:81:3 窶ｺ Snake Class (White-box) 窶ｺ checkWallCollision() detects collisions properly 
    [chromium] 窶ｺ tests\snake.spec.js:108:3 窶ｺ Snake Class (White-box) 窶ｺ checkSelfCollision() detects self collision 

[36m  Serving HTML report at http://localhost:60874. Press Ctrl+C to quit.[39m
